// Jest Snapshot v1, https://goo.gl/fbAQLP

exports[`Weather should render correctly 1`] = `
<div>
  Weather
</div>
`;
